VARIABLES="VARIABLE"      , "LIFT"          , "DRAG"          , "SIDEFORCE"     , "MOMENT_X"      , "MOMENT_Y"      , "MOMENT_Z"      , "FORCE_X"       , "FORCE_Y"       , "FORCE_Z"       , "EFFICIENCY"    , "CUSTOM_OBJFUNC", "FINDIFF_STEP"  
          0               , 0.134993               , 0.0636807               , 0.0             , 0.0             , 0.0             , 0.0023593               , 0.0607208               , 0.136349               , 0.0             , -0.78249               , 0.0             , 0.001           
          1               , 0.30784               , -0.0783389               , 0.0             , 0.0             , 0.0             , -0.0137252               , -0.0850357               , 0.306057               , 0.0             , 10.44659               , 0.0             , 0.001           
