VARIABLES="VARIABLE"      , "LIFT"          , "DRAG"          , "SIDEFORCE"     , "MOMENT_X"      , "MOMENT_Y"      , "MOMENT_Z"      , "FORCE_X"       , "FORCE_Y"       , "FORCE_Z"       , "EFFICIENCY"    , "FINDIFF_STEP"  
          0               , -1.503507       , 0.2353171       , 0.0             , 0.0             , 0.0             , 1.2510675       , 0.2680599       , -1.498016       , 0.0             , -118.03571      , 0.001           
          1               , -2.369421       , 0.40675         , 0.0             , 0.0             , 0.0             , 1.07041         , 0.4583418       , -2.359984       , 0.0             , -194.74735      , 0.001           
          2               , -3.081968       , 0.5563654       , 0.0             , 0.0             , 0.0             , 0.6292623       , 0.6234658       , -3.069097       , 0.0             , -259.43869      , 0.001           
