VARIABLES="VARIABLE"      , "GRADIENT"      , "FINDIFF_STEP"  
          0               , -1865.32        , 0.001           
          1               , -7613.55        , 0.001           
          2               , -11300.6        , 0.001           
          3               , -11926.9        , 0.001           
          4               , -10219.3        , 0.001           
          5               , -7287.53        , 0.001           
          6               , -4117.89        , 0.001           
          7               , -1380.01        , 0.001           
          8               , 593.746         , 0.001           
          9               , 1721.73         , 0.001           
          10              , 2035.01         , 0.001           
          11              , 1545.04         , 0.001           
          12              , 169.694         , 0.001           
          13              , -2252.31        , 0.001           
          14              , -5846.68        , 0.001           
          15              , -10439.9        , 0.001           
          16              , -15105.5        , 0.001           
          17              , -18512.8        , 0.001           
          18              , -26345.7        , 0.001           
          19              , -12278.1        , 0.001           
          20              , -22857.3        , 0.001           
          21              , -24816.6        , 0.001           
          22              , -23693.7        , 0.001           
          23              , -23001.2        , 0.001           
          24              , -24047.8        , 0.001           
          25              , -26421.2        , 0.001           
          26              , -28613.4        , 0.001           
          27              , -28637.4        , 0.001           
          28              , -24608.0        , 0.001           
          29              , -15360.3        , 0.001           
          30              , -1232.81        , 0.001           
          31              , 14989.1         , 0.001           
          32              , 27531.3         , 0.001           
          33              , 29186.5         , 0.001           
          34              , 16904.7         , 0.001           
          35              , -2509.93        , 0.001           
          36              , -19041.6        , 0.001           
          37              , -18972.2        , 0.001           
