VARIABLES="VARIABLE"      , "LIFT"          , "DRAG"          , "SIDEFORCE"     , "MOMENT_X"      , "MOMENT_Y"      , "MOMENT_Z"      , "FORCE_X"       , "FORCE_Y"       , "FORCE_Z"       , "EFFICIENCY"    , "FINDIFF_STEP"  
          0               , -1.5752416      , 0.251782        , 0.0             , 0.0             , 0.0             , 1.1800031       , 0.2860858       , -1.5693741      , 0.0             , -108.1327612    , 0.001           
          1               , -2.3876656      , 0.4089928       , 0.0             , 0.0             , 0.0             , 1.0347916       , 0.4609821       , -2.3781752      , 0.0             , -169.185784     , 0.001           
          2               , -3.0255677      , 0.5430537       , 0.0             , 0.0             , 0.0             , 0.6463708       , 0.6089269       , -3.0130011      , 0.0             , -218.9800666    , 0.001           
