VARIABLES="VARIABLE"      , "GRADIENT"      , "FINDIFF_STEP"  
          0               , -2049.78        , 0.001           
          1               , -8323.79        , 0.001           
          2               , -12232.7        , 0.001           
          3               , -12857.9        , 0.001           
          4               , -11005.9        , 0.001           
          5               , -7850.9         , 0.001           
          6               , -4426.55        , 0.001           
          7               , -1434.0         , 0.001           
          8               , 775.595         , 0.001           
          9               , 2112.0          , 0.001           
          10              , 2605.95         , 0.001           
          11              , 2275.52         , 0.001           
          12              , 1050.48         , 0.001           
          13              , -1216.36        , 0.001           
          14              , -4638.63        , 0.001           
          15              , -9034.58        , 0.001           
          16              , -13467.9        , 0.001           
          17              , -16591.2        , 0.001           
          18              , -24251.2        , 0.001           
          19              , -12084.9        , 0.001           
          20              , -21948.4        , 0.001           
          21              , -23658.4        , 0.001           
          22              , -22560.4        , 0.001           
          23              , -22077.9        , 0.001           
          24              , -23448.2        , 0.001           
          25              , -26192.8        , 0.001           
          26              , -28744.2        , 0.001           
          27              , -29065.8        , 0.001           
          28              , -25234.5        , 0.001           
          29              , -16062.8        , 0.001           
          30              , -1884.51        , 0.001           
          31              , 14493.9         , 0.001           
          32              , 27243.8         , 0.001           
          33              , 29069.7         , 0.001           
          34              , 16829.7         , 0.001           
          35              , -2691.78        , 0.001           
          36              , -19376.2        , 0.001           
          37              , -19521.5        , 0.001           
