VARIABLES="VARIABLE"      , "MASS_FLOW_IN"  , "MOMENT_Z"      , "FLOW_ANGLE_OUT", "MASS_FLOW_OUT" , "FLOW_ANGLE_IN" , "FORCE_Z"       , "FORCE_Y"       , "FORCE_X"       , "TOTAL_EFFICIENCY", "TOTAL_STATIC_EFFICIENCY", "PRESSURE_RATIO", "EFFICIENCY"    , "DRAG"          , "LIFT"          , "TOTAL_ENTHALPY_OUT", "TOTAL_PRESSURE_LOSS", "MOMENT_Y"      , "MOMENT_X"      , "SIDEFORCE"     , "ENTHALPY_OUT"  , "KINETIC_ENERGY_LOSS"
          0               , 0.0             , 1.21729972      , 0.0             , 0.0             , 0.0             , 0.0             , -1.56678476     , 0.263102398     , 0.0             , 0.0                    , 0.0             , -119.671878     , 0.228860557     , -1.57215146     , 0.0               , 0.0                , 0.0             , 0.0             , 0.0             , 0.0             , 0.0                
          1               , 0.0             , 1.05342717      , 0.0             , 0.0             , 0.0             , 0.0             , -2.39734377     , 0.446439059     , 0.0             , 0.0                    , 0.0             , -195.349721     , 0.39403504      , -2.40651229     , 0.0               , 0.0                , 0.0             , 0.0             , 0.0             , 0.0             , 0.0                
          2               , 0.0             , 0.632944527     , 0.0             , 0.0             , 0.0             , 0.0             , -3.08930841     , 0.604204863     , 0.0             , 0.0                    , 0.0             , -259.800628     , 0.536668171     , -3.10175389     , 0.0               , 0.0                , 0.0             , 0.0             , 0.0             , 0.0             , 0.0                
