VARIABLES="VARIABLE"      , "LIFT"          , "DRAG"          , "SIDEFORCE"     , "MOMENT_X"      , "MOMENT_Y"      , "MOMENT_Z"      , "FORCE_X"       , "FORCE_Y"       , "FORCE_Z"       , "EFFICIENCY"    , "FINDIFF_STEP"  
          0               , -2.120722       , 1.6576563       , 0.0             , 0.0             , 0.0             , -0.1651645      , 1.7035251       , -2.0840558      , 0.0             , -1195.4760665   , 0.001           
          1               , -1.0054346      , 0.8752976       , 0.0             , 0.0             , 0.0             , -0.2554667      , 0.8970227       , -0.9861008      , 0.0             , -648.3258186    , 0.001           
          2               , -1.5179552      , 0.7469655       , 0.0             , 0.0             , 0.0             , -0.2629012      , 0.7799017       , -1.501299       , 0.0             , -586.3502294    , 0.001           
