VARIABLES="VARIABLE"      , "GRADIENT"      , "FINDIFF_STEP"  
          0               , -0.829356       , 0.001           
          1               , 2.27401         , 0.001           
          2               , 4.88909         , 0.001           
          3               , 7.04939         , 0.001           
          4               , 8.7883          , 0.001           
          5               , 10.122          , 0.001           
          6               , 11.0527         , 0.001           
          7               , 11.5815         , 0.001           
          8               , 11.7226         , 0.001           
          9               , 11.5085         , 0.001           
          10              , 10.9826         , 0.001           
          11              , 10.1762         , 0.001           
          12              , 9.07791         , 0.001           
          13              , 7.6135          , 0.001           
          14              , 5.67439         , 0.001           
          15              , 3.27607         , 0.001           
          16              , 0.968507        , 0.001           
          17              , 0.0893206       , 0.001           
          18              , -0.512521       , 0.001           
          19              , -0.383316       , 0.001           
          20              , 2.56263         , 0.001           
          21              , 5.05597         , 0.001           
          22              , 7.14854         , 0.001           
          23              , 8.85832         , 0.001           
          24              , 10.1873         , 0.001           
          25              , 11.128          , 0.001           
          26              , 11.676          , 0.001           
          27              , 11.8415         , 0.001           
          28              , 11.6541         , 0.001           
          29              , 11.1533         , 0.001           
          30              , 10.3648         , 0.001           
          31              , 9.26748         , 0.001           
          32              , 7.77092         , 0.001           
          33              , 5.73938         , 0.001           
          34              , 3.14396         , 0.001           
          35              , 0.469894        , 0.001           
          36              , -0.971139       , 0.001           
          37              , -1.36834        , 0.001           
