VARIABLES="VARIABLE"      , "GRADIENT"      , "FINDIFF_STEP"  
          0               , -0.833527       , 0.001           
          1               , 2.26815         , 0.001           
          2               , 4.88134         , 0.001           
          3               , 7.03951         , 0.001           
          4               , 8.77605         , 0.001           
          5               , 10.1072         , 0.001           
          6               , 11.0353         , 0.001           
          7               , 11.5618         , 0.001           
          8               , 11.7009         , 0.001           
          9               , 11.4859         , 0.001           
          10              , 10.9608         , 0.001           
          11              , 10.1581         , 0.001           
          12              , 9.06833         , 0.001           
          13              , 7.61993         , 0.001           
          14              , 5.70844         , 0.001           
          15              , 3.35526         , 0.001           
          16              , 1.11704         , 0.001           
          17              , 0.317338        , 0.001           
          18              , -0.487176       , 0.001           
          19              , -0.379208       , 0.001           
          20              , 2.5684          , 0.001           
          21              , 5.06364         , 0.001           
          22              , 7.15835         , 0.001           
          23              , 8.87051         , 0.001           
          24              , 10.202          , 0.001           
          25              , 11.1453         , 0.001           
          26              , 11.6957         , 0.001           
          27              , 11.8632         , 0.001           
          28              , 11.6767         , 0.001           
          29              , 11.1753         , 0.001           
          30              , 10.3831         , 0.001           
          31              , 9.27738         , 0.001           
          32              , 7.76491         , 0.001           
          33              , 5.70583         , 0.001           
          34              , 3.06531         , 0.001           
          35              , 0.321924        , 0.001           
          36              , -1.19865        , 0.001           
          37              , -1.39455        , 0.001           
