VARIABLES="VARIABLE"      , "GRADIENT"      , "FINDIFF_STEP"  
          0               , -0.582744       , 0.001           
          1               , 3.54199         , 0.001           
          2               , 7.12245         , 0.001           
          3               , 10.1631         , 0.001           
          4               , 12.6685         , 0.001           
          5               , 14.6311         , 0.001           
          6               , 16.0323         , 0.001           
          7               , 16.8566         , 0.001           
          8               , 17.1064         , 0.001           
          9               , 16.8108         , 0.001           
          10              , 16.02           , 0.001           
          11              , 14.7826         , 0.001           
          12              , 13.1108         , 0.001           
          13              , 10.9515         , 0.001           
          14              , 8.20589         , 0.001           
          15              , 4.89554         , 0.001           
          16              , 1.6289          , 0.001           
          17              , 0.0194624       , 0.001           
          18              , -0.616417       , 0.001           
          19              , 0.0978377       , 0.001           
          20              , 3.99148         , 0.001           
          21              , 7.38771         , 0.001           
          22              , 10.3213         , 0.001           
          23              , 12.775          , 0.001           
          24              , 14.7208         , 0.001           
          25              , 16.1262         , 0.001           
          26              , 16.9668         , 0.001           
          27              , 17.2398         , 0.001           
          28              , 16.9697         , 0.001           
          29              , 16.202          , 0.001           
          30              , 14.9778         , 0.001           
          31              , 13.2977         , 0.001           
          32              , 11.0889         , 0.001           
          33              , 8.21915         , 0.001           
          34              , 4.65474         , 0.001           
          35              , 0.923036        , 0.001           
          36              , -1.38282        , 0.001           
          37              , -1.59736        , 0.001           
