"VARIABLE"      , "DRAG"          , "EFFICIENCY"    , "FORCE_X"       , "FORCE_Y"       , "FORCE_Z"       , "LIFT"          , "MOMENT_X"      , "MOMENT_Y"      , "MOMENT_Z"      , "SIDEFORCE"     
0               , -0.000938771538 , 0.2504328826    , -0.0009638986217, -5.811335877e-05, 0.0             , 0.0002262426018 , 0.0             , 0.0             , -0.003226090429 , 0.0             
