VARIABLES="VARIABLE"      , "GRADIENT"      , "FINDIFF_STEP"  
          0               , 0.0068676       , 0.0001          
          1               , 0.00476525      , 0.0001          
          2               , 0.00237723      , 0.0001          
          3               , 0.000784898     , 0.0001          
