VARIABLES="VARIABLE"      , "GRADIENT"      , "FINDIFF_STEP"  
          0               , 0.0             , 0.0001          
          1               , 10.4308         , 0.0001          
          2               , 6.17611         , 0.0001          
          3               , 2.81616         , 0.0001          
          4               , 0.99924         , 0.0001          
          5               , 0.59607         , 0.0001          
          6               , 0.010000000475  , 0.0001          
          7               , -0.00500000023749, 0.0001          
